D:/C/STM32/Ethernet/src/enc28j60.c:94:15:ENC28J60_SendByte	32	static
D:/C/STM32/Ethernet/src/enc28j60.c:129:9:enc28j60ReadOp	24	static
D:/C/STM32/Ethernet/src/enc28j60.c:144:6:enc28j60WriteOp	16	static
D:/C/STM32/Ethernet/src/enc28j60.c:152:6:enc28j60PowerDown	8	static
D:/C/STM32/Ethernet/src/enc28j60.c:159:6:enc28j60PowerUp	8	static
D:/C/STM32/Ethernet/src/enc28j60.c:165:6:enc28j60ReadBuffer	24	static
D:/C/STM32/Ethernet/src/enc28j60.c:177:17:enc28j60ReadBufferWord	16	static
D:/C/STM32/Ethernet/src/enc28j60.c:184:6:enc28j60WriteBuffer	16	static
D:/C/STM32/Ethernet/src/enc28j60.c:194:6:enc28j60SetBank	16	static
D:/C/STM32/Ethernet/src/enc28j60.c:203:9:enc28j60Read	16	static
D:/C/STM32/Ethernet/src/enc28j60.c:211:6:enc28j60WriteWord	16	static
D:/C/STM32/Ethernet/src/enc28j60.c:217:10:enc28j60PhyReadH	16	static
D:/C/STM32/Ethernet/src/enc28j60.c:234:6:enc28j60Write	16	static
D:/C/STM32/Ethernet/src/enc28j60.c:243:6:enc28j60PhyWrite	16	static
D:/C/STM32/Ethernet/src/enc28j60.c:264:6:enc28j60clkout	16	static
D:/C/STM32/Ethernet/src/enc28j60.c:270:6:enc28j60Init	16	static
D:/C/STM32/Ethernet/src/enc28j60.c:348:9:enc28j60getrev	16	static
D:/C/STM32/Ethernet/src/enc28j60.c:361:6:enc28j60EnableBroadcast	8	static
D:/C/STM32/Ethernet/src/enc28j60.c:366:6:enc28j60DisableBroadcast	8	static
D:/C/STM32/Ethernet/src/enc28j60.c:371:6:enc28j60EnableMulticast	8	static
D:/C/STM32/Ethernet/src/enc28j60.c:376:6:enc28j60DisableMulticast	8	static
D:/C/STM32/Ethernet/src/enc28j60.c:383:9:enc28j60linkup	8	static
D:/C/STM32/Ethernet/src/enc28j60.c:389:6:enc28j60PacketSend	16	static
D:/C/STM32/Ethernet/src/enc28j60.c:425:10:enc28j60PacketReceive	24	static
